c:\users\ararn\source\repos\vgp240winter2026\x\external\fw1fontwrapper\x64\debug\fw1fontwrapper.pch
c:\users\ararn\source\repos\vgp240winter2026\x64\debug\fw1fontwrapper.pdb
c:\users\ararn\source\repos\vgp240winter2026\x64\debug\fw1fontwrapper.idb
c:\users\ararn\source\repos\vgp240winter2026\x\external\fw1fontwrapper\x64\debug\fw1precompiled.obj
c:\users\ararn\source\repos\vgp240winter2026\x\external\fw1fontwrapper\x64\debug\cfw1textgeometry.obj
c:\users\ararn\source\repos\vgp240winter2026\x\external\fw1fontwrapper\x64\debug\cfw1statesaver.obj
c:\users\ararn\source\repos\vgp240winter2026\x\external\fw1fontwrapper\x64\debug\cfw1glyphvertexdrawerinterface.obj
c:\users\ararn\source\repos\vgp240winter2026\x\external\fw1fontwrapper\x64\debug\cfw1glyphvertexdrawer.obj
c:\users\ararn\source\repos\vgp240winter2026\x\external\fw1fontwrapper\x64\debug\cfw1glyphsheetinterface.obj
c:\users\ararn\source\repos\vgp240winter2026\x\external\fw1fontwrapper\x64\debug\cfw1glyphsheet.obj
c:\users\ararn\source\repos\vgp240winter2026\x\external\fw1fontwrapper\x64\debug\cfw1glyphrenderstatesinterface.obj
c:\users\ararn\source\repos\vgp240winter2026\x\external\fw1fontwrapper\x64\debug\cfw1glyphrenderstates.obj
c:\users\ararn\source\repos\vgp240winter2026\x\external\fw1fontwrapper\x64\debug\cfw1glyphproviderinterface.obj
c:\users\ararn\source\repos\vgp240winter2026\x\external\fw1fontwrapper\x64\debug\cfw1glyphprovider.obj
c:\users\ararn\source\repos\vgp240winter2026\x\external\fw1fontwrapper\x64\debug\cfw1glyphatlasinterface.obj
c:\users\ararn\source\repos\vgp240winter2026\x\external\fw1fontwrapper\x64\debug\cfw1glyphatlas.obj
c:\users\ararn\source\repos\vgp240winter2026\x\external\fw1fontwrapper\x64\debug\cfw1fontwrapperinterface.obj
c:\users\ararn\source\repos\vgp240winter2026\x\external\fw1fontwrapper\x64\debug\cfw1fontwrapper.obj
c:\users\ararn\source\repos\vgp240winter2026\x\external\fw1fontwrapper\x64\debug\cfw1factoryinterface.obj
c:\users\ararn\source\repos\vgp240winter2026\x\external\fw1fontwrapper\x64\debug\cfw1factory.obj
c:\users\ararn\source\repos\vgp240winter2026\x\external\fw1fontwrapper\x64\debug\cfw1dwriterendertargetinterface.obj
c:\users\ararn\source\repos\vgp240winter2026\x\external\fw1fontwrapper\x64\debug\cfw1dwriterendertarget.obj
c:\users\ararn\source\repos\vgp240winter2026\x\external\fw1fontwrapper\x64\debug\cfw1colorrgbainterface.obj
c:\users\ararn\source\repos\vgp240winter2026\x\external\fw1fontwrapper\x64\debug\cfw1colorrgba.obj
c:\users\ararn\source\repos\vgp240winter2026\x\external\fw1fontwrapper\x64\debug\fw1fontwrapper.obj
c:\users\ararn\source\repos\vgp240winter2026\x\external\fw1fontwrapper\x64\debug\cfw1textrendererinterface.obj
c:\users\ararn\source\repos\vgp240winter2026\x\external\fw1fontwrapper\x64\debug\cfw1textrenderer.obj
c:\users\ararn\source\repos\vgp240winter2026\x\external\fw1fontwrapper\x64\debug\cfw1textgeometryinterface.obj
c:\users\ararn\source\repos\vgp240winter2026\x64\debug\fw1fontwrapper.lib
c:\users\ararn\source\repos\vgp240winter2026\x\external\fw1fontwrapper\x64\debug\fw1fontwrapper.tlog\cl.command.1.tlog
c:\users\ararn\source\repos\vgp240winter2026\x\external\fw1fontwrapper\x64\debug\fw1fontwrapper.tlog\cl.items.tlog
c:\users\ararn\source\repos\vgp240winter2026\x\external\fw1fontwrapper\x64\debug\fw1fontwrapper.tlog\cl.read.1.tlog
c:\users\ararn\source\repos\vgp240winter2026\x\external\fw1fontwrapper\x64\debug\fw1fontwrapper.tlog\cl.write.1.tlog
c:\users\ararn\source\repos\vgp240winter2026\x\external\fw1fontwrapper\x64\debug\fw1fontwrapper.tlog\lib-link.read.1.tlog
c:\users\ararn\source\repos\vgp240winter2026\x\external\fw1fontwrapper\x64\debug\fw1fontwrapper.tlog\lib-link.write.1.tlog
c:\users\ararn\source\repos\vgp240winter2026\x\external\fw1fontwrapper\x64\debug\fw1fontwrapper.tlog\lib.command.1.tlog
